=== RUN   TestInspectBinary
    binary_test.go:23: GetFileAttributesEx img.png: The system cannot find the file specified.
--- FAIL: TestInspectBinary (0.01s)
=== RUN   TestReadFileBinaryGuard
    binary_test.go:41: 读二进制应报错并引导 inspect_binary，得 open blob.bin: The system cannot find the file specified.
--- FAIL: TestReadFileBinaryGuard (0.00s)
=== RUN   TestWriteBinary
    binary_test.go:57: 写回字节不符：
--- FAIL: TestWriteBinary (0.00s)
=== RUN   TestBinaryRETools
    binary_test.go:73: strings 应提取 Hello/world：""
    binary_test.go:76: find text 应命中：""
    binary_test.go:79: find hex(MZ) 应命中：""
    binary_test.go:82: hash 应含 SHA256：""
    binary_test.go:85: entropy 应含整体熵：""
    binary_test.go:88: GetFileAttributesEx s.bin: The system cannot find the file specified.
--- FAIL: TestBinaryRETools (0.00s)
=== RUN   TestExtraSkipDirs
--- PASS: TestExtraSkipDirs (0.01s)
=== RUN   TestSearchSkipsExpandedDirs
--- PASS: TestSearchSkipsExpandedDirs (0.01s)
=== RUN   TestDetectCircling
--- PASS: TestDetectCircling (0.00s)
=== RUN   TestLoopRunBreaksCircling
--- PASS: TestLoopRunBreaksCircling (0.01s)
=== RUN   TestRecallMemories
--- PASS: TestRecallMemories (0.01s)
=== RUN   TestFindCircularDeps_NoCycle
--- PASS: TestFindCircularDeps_NoCycle (0.01s)
=== RUN   TestFindCircularDeps_SimpleCycle
--- PASS: TestFindCircularDeps_SimpleCycle (0.01s)
=== RUN   TestFindCircularDeps_TripleCycle
--- PASS: TestFindCircularDeps_TripleCycle (0.01s)
=== RUN   TestFindCircularDeps_MultipleCycles
--- PASS: TestFindCircularDeps_MultipleCycles (0.01s)
=== RUN   TestFindCircularDeps_SelfCycle
    circulardeps_test.go:274: 自引用包（同包导入）被忽略是合理的：[成功] 未检测到循环依赖！项目内部包之间的依赖关系健康。
        
        ✅ 未检测到循环依赖！项目内部包之间的依赖关系健康。
        
        ■ 统计：1 个内部包，0 条内部依赖边
--- PASS: TestFindCircularDeps_SelfCycle (0.00s)
=== RUN   TestFindCircularDeps_NoGoMod
--- PASS: TestFindCircularDeps_NoGoMod (0.00s)
=== RUN   TestBuildInternalDepGraph
--- PASS: TestBuildInternalDepGraph (0.01s)
=== RUN   TestEstimateTokens
--- PASS: TestEstimateTokens (0.00s)
=== RUN   TestCompactStructure
--- PASS: TestCompactStructure (0.00s)
=== RUN   TestCompactToolPairing
--- PASS: TestCompactToolPairing (0.00s)
=== RUN   TestCompactLLMMode
--- PASS: TestCompactLLMMode (0.00s)
=== RUN   TestCompactLLMFallback
--- PASS: TestCompactLLMFallback (0.00s)
=== RUN   TestMaybeCompactTrigger
--- PASS: TestMaybeCompactTrigger (0.00s)
=== RUN   TestLoopRunCompacts
--- PASS: TestLoopRunCompacts (0.00s)
=== RUN   TestDebugToolsRegistered
--- PASS: TestDebugToolsRegistered (0.00s)
=== RUN   TestDebugStartNoProgram
--- PASS: TestDebugStartNoProgram (0.00s)
=== RUN   TestDebugStartNoDlv
    debugtools_test.go:58: debug_start 报错符合预期: 启动调试会话失败: DAP launch 返回错误: Failed to launch
--- PASS: TestDebugStartNoDlv (0.30s)
=== RUN   TestDebugStopWithoutStart
--- PASS: TestDebugStopWithoutStart (0.00s)
=== RUN   TestDebugBreakpointWithoutSession
--- PASS: TestDebugBreakpointWithoutSession (0.00s)
=== RUN   TestDebugStackWithoutSession
--- PASS: TestDebugStackWithoutSession (0.00s)
=== RUN   TestDebugEvaluateWithoutSession
--- PASS: TestDebugEvaluateWithoutSession (0.00s)
=== RUN   TestDebugEvaluateEmptyExpression
--- PASS: TestDebugEvaluateEmptyExpression (0.00s)
=== RUN   TestDebugBreakpointEmptyPath
    debugtools_test.go:140: 无会话时 set breakpoint 报错: 没有活跃的调试会话，请先用 debug_start 启动（先启动再测 path 验证）
--- PASS: TestDebugBreakpointEmptyPath (0.00s)
=== RUN   TestDebugStatusNoSession
--- PASS: TestDebugStatusNoSession (0.00s)
=== RUN   TestDebugToolNamesInDefinitions
--- PASS: TestDebugToolNamesInDefinitions (0.00s)
=== RUN   TestDelegateTask_MultiTurn
    delegate_test.go:119: 应 3 次 LLM 调用(父→子→父)，得 5
--- FAIL: TestDelegateTask_MultiTurn (0.00s)
=== RUN   TestDelegateSingleTurn
--- PASS: TestDelegateSingleTurn (0.00s)
=== RUN   TestTransferToAgent
--- PASS: TestTransferToAgent (0.00s)
=== RUN   TestTransferToAgent_NotFound
--- PASS: TestTransferToAgent_NotFound (0.00s)
=== RUN   TestSharedState
--- PASS: TestSharedState (0.00s)
=== RUN   TestToolWhitelist
    delegate_test.go:337: 子工具应含 finish_task，tools=[{Type:function Function:{Name:read_file Description: Parameters:map[]}}]
--- FAIL: TestToolWhitelist (0.00s)
=== RUN   TestDelegateTask_AgentNotFound
--- PASS: TestDelegateTask_AgentNotFound (0.00s)
=== RUN   TestApplyEdit_ExactMatch
--- PASS: TestApplyEdit_ExactMatch (0.00s)
=== RUN   TestApplyEdit_ExactMatchMultiLine
--- PASS: TestApplyEdit_ExactMatchMultiLine (0.00s)
=== RUN   TestApplyEdit_CRLFFileLFQuery
--- PASS: TestApplyEdit_CRLFFileLFQuery (0.00s)
=== RUN   TestApplyEdit_CRLFNewStringPreserved
--- PASS: TestApplyEdit_CRLFNewStringPreserved (0.00s)
=== RUN   TestApplyEdit_LFFileStaysLF
--- PASS: TestApplyEdit_LFFileStaysLF (0.00s)
=== RUN   TestApplyEdit_WhitespaceFoldIndent
--- PASS: TestApplyEdit_WhitespaceFoldIndent (0.00s)
=== RUN   TestApplyEdit_WhitespaceFoldTrailing
--- PASS: TestApplyEdit_WhitespaceFoldTrailing (0.00s)
=== RUN   TestApplyEdit_WhitespaceFoldMultiSpace
--- PASS: TestApplyEdit_WhitespaceFoldMultiSpace (0.00s)
=== RUN   TestApplyEdit_LineModeSingleLine
--- PASS: TestApplyEdit_LineModeSingleLine (0.00s)
=== RUN   TestApplyEdit_LineModeRange
--- PASS: TestApplyEdit_LineModeRange (0.00s)
=== RUN   TestApplyEdit_LineModeWithOldStringValidation
--- PASS: TestApplyEdit_LineModeWithOldStringValidation (0.00s)
=== RUN   TestApplyEdit_LineModeOldStringMismatch
--- PASS: TestApplyEdit_LineModeOldStringMismatch (0.00s)
=== RUN   TestApplyEdit_LineModeCRLFPreserved
--- PASS: TestApplyEdit_LineModeCRLFPreserved (0.00s)
=== RUN   TestApplyEdit_MultipleOccurrences
--- PASS: TestApplyEdit_MultipleOccurrences (0.00s)
=== RUN   TestApplyEdit_NotFound
--- PASS: TestApplyEdit_NotFound (0.00s)
=== RUN   TestApplyEdit_EmptyOldString
--- PASS: TestApplyEdit_EmptyOldString (0.00s)
=== RUN   TestNormalizeNewlines
--- PASS: TestNormalizeNewlines (0.00s)
=== RUN   TestRestoreNewlines
--- PASS: TestRestoreNewlines (0.00s)
=== RUN   TestFoldWS
--- PASS: TestFoldWS (0.00s)
=== RUN   TestApplyEdit_Scenario_CRLFFile_TabIndent_LLMGivesSpaceLF
--- PASS: TestApplyEdit_Scenario_CRLFFile_TabIndent_LLMGivesSpaceLF (0.00s)
=== RUN   TestEvalRecordStore
    evalstore_test.go:77: optimization hints: 1
    evalstore_test.go:79:   [通用/medium] Agent 似乎频繁出现类似不足（"missing test"），建议在系统指令或设置中的系统级指令中针对性补充约束: 在 2 条记录中出现 2 次（100%）
--- PASS: TestEvalRecordStore (0.01s)
=== RUN   TestEvalRecordStoreEmpty
--- PASS: TestEvalRecordStoreEmpty (0.00s)
=== RUN   TestEvalPreview
--- PASS: TestEvalPreview (0.00s)
=== RUN   TestEvaluatorScore
--- PASS: TestEvaluatorScore (0.00s)
=== RUN   TestEvaluatorTotalFromSum
--- PASS: TestEvaluatorTotalFromSum (0.00s)
=== RUN   TestParseEvaluationFallback
--- PASS: TestParseEvaluationFallback (0.00s)
=== RUN   TestSummarizeRun
--- PASS: TestSummarizeRun (0.00s)
=== RUN   TestHasToolActivity
--- PASS: TestHasToolActivity (0.00s)
=== RUN   TestGitTools
--- PASS: TestGitTools (0.27s)
=== RUN   TestGitWriteTools
--- PASS: TestGitWriteTools (0.70s)
=== RUN   TestGitNotARepo
--- PASS: TestGitNotARepo (0.07s)
=== RUN   TestMatchGlob
--- PASS: TestMatchGlob (0.00s)
=== RUN   TestMatchGlobFilter
--- PASS: TestMatchGlobFilter (0.00s)
=== RUN   TestKVCachePrefixStability
=== RUN   TestKVCachePrefixStability/同一Loop内迭代消息前缀稳定
--- PASS: TestKVCachePrefixStability (0.00s)
    --- PASS: TestKVCachePrefixStability/同一Loop内迭代消息前缀稳定 (0.00s)
=== RUN   TestSystemPromptVariance
    kv_cache_test.go:89: DefaultSystemPrompt 两次调用结果一致 ✓ (len=10083)
--- PASS: TestSystemPromptVariance (0.00s)
=== RUN   TestBuildSystemWithSummariesStability
    kv_cache_test.go:134: buildSystemWithSummaries 前缀稳定 ✓ (result1=10327, result2=10390)
--- PASS: TestBuildSystemWithSummariesStability (0.00s)
=== RUN   TestSerializedMessagesPrefix
    kv_cache_test.go:184: 同轮对话内序列化前缀稳定性验证通过 ✓
    kv_cache_test.go:217: 跨轮次序列化前缀稳定性验证通过 ✓
    kv_cache_test.go:226: ★★★★ 严重：第2轮请求的 JSON 序列化前缀与第1轮不匹配！
        这会导致 LLM API 的 KV 缓存完全失效！
        第1轮 JSON len=10590, 第2轮 JSON len=10639
--- FAIL: TestSerializedMessagesPrefix (0.00s)
=== RUN   TestLiveEditFileCRLF
    live_e2e_test.go:30: 未设 DEEPSEEK_KEY，跳过真机测试
--- SKIP: TestLiveEditFileCRLF (0.00s)
=== RUN   TestLiveGlobRecursive
    live_e2e_test.go:78: 未设 DEEPSEEK_KEY，跳过真机测试
--- SKIP: TestLiveGlobRecursive (0.00s)
=== RUN   TestLiveMCPInProcess
    live_e2e_test.go:121: 未设 DEEPSEEK_KEY，跳过真机测试
--- SKIP: TestLiveMCPInProcess (0.00s)
=== RUN   TestLiveSkills
    live_e2e_test.go:177: 未设 DEEPSEEK_KEY，跳过真机测试
--- SKIP: TestLiveSkills (0.00s)
=== RUN   TestLiveMultiAgent
    live_e2e_test.go:242: 未设 DEEPSEEK_KEY，跳过真机测试
--- SKIP: TestLiveMultiAgent (0.00s)
=== RUN   TestLiveDeepSeek
    live_test.go:25: 未设 DEEPSEEK_KEY，跳过真机测试
--- SKIP: TestLiveDeepSeek (0.00s)
=== RUN   TestLiveMemoryKB
    live_test.go:72: 未设 DEEPSEEK_KEY，跳过真机测试
--- SKIP: TestLiveMemoryKB (0.00s)
=== RUN   TestOpenAIProviderParams
--- PASS: TestOpenAIProviderParams (0.00s)
=== RUN   TestApplyThinking
--- PASS: TestApplyThinking (0.00s)
=== RUN   TestOpenAIProviderSSE
--- PASS: TestOpenAIProviderSSE (0.00s)
=== RUN   TestOpenAIProviderHTTPError
--- PASS: TestOpenAIProviderHTTPError (0.00s)
=== RUN   TestProjectRules
--- PASS: TestProjectRules (0.00s)
=== RUN   TestLoopToolThenFinal
    loop_test.go:47: LLM 应调用 2 次，得 3
    loop_test.go:58: 未把 read_file 结果作 role=tool 消息回灌
    loop_test.go:64: 末事件应为 EventDone(finish_task)，得 {Type:done Content:完成 Tool: Args: CallID: Usage:<nil> AgentName: DoneReason:task_complete}
    loop_test.go:78: 缺事件：tool_call=true tool_result=false
--- FAIL: TestLoopToolThenFinal (0.00s)
=== RUN   TestLoopFinishTaskExits
    loop_test.go:92: 应 1 次 LLM 调用，得 2
--- FAIL: TestLoopFinishTaskExits (0.00s)
=== RUN   TestLoopMaxIterations
--- PASS: TestLoopMaxIterations (0.00s)
=== RUN   TestLoopApprovalReject
--- PASS: TestLoopApprovalReject (0.00s)
=== RUN   TestLoopApprovalApprove
    loop_test.go:178: 通过审批的 write_file 应写盘，得 "" err=open C:\Users\sqmen\AppData\Local\Temp\TestLoopApprovalApprove1556317337\001\out.txt: The system cannot find the file specified.
--- FAIL: TestLoopApprovalApprove (0.00s)
=== RUN   TestLoopApprovalSkipsReadOnly
--- PASS: TestLoopApprovalSkipsReadOnly (0.00s)
=== RUN   TestLoopContextCancel
--- PASS: TestLoopContextCancel (0.00s)
=== RUN   TestLuaToolLoadAndRun
--- PASS: TestLuaToolLoadAndRun (0.00s)
=== RUN   TestLuaToolSandbox
--- PASS: TestLuaToolSandbox (0.01s)
=== RUN   TestLuaToolAgentBridge
--- PASS: TestLuaToolAgentBridge (0.00s)
=== RUN   TestLuaToolBadScriptSkipped
--- PASS: TestLuaToolBadScriptSkipped (0.01s)
=== RUN   TestRegistryUnregister
--- PASS: TestRegistryUnregister (0.00s)
=== RUN   TestMCPListAndCall
--- PASS: TestMCPListAndCall (0.00s)
=== RUN   TestMCPStructuredContent
--- PASS: TestMCPStructuredContent (0.00s)
=== RUN   TestMCPIsError
--- PASS: TestMCPIsError (0.00s)
=== RUN   TestMCPPagination
--- PASS: TestMCPPagination (0.00s)
=== RUN   TestMCPReconnect
--- PASS: TestMCPReconnect (0.00s)
=== RUN   TestMCPTimeout
--- PASS: TestMCPTimeout (0.10s)
=== RUN   TestMCPRegistryHITL
--- PASS: TestMCPRegistryHITL (0.00s)
=== RUN   TestMemoryTools
--- PASS: TestMemoryTools (0.01s)
=== RUN   TestMemoryUpdateNotDuplicate
--- PASS: TestMemoryUpdateNotDuplicate (0.01s)
=== RUN   TestMemoryIndex
--- PASS: TestMemoryIndex (0.01s)
=== RUN   TestMemoryDelete
--- PASS: TestMemoryDelete (0.01s)
=== RUN   TestMessageStore_AppendAndLoadLatest
=== RUN   TestMessageStore_AppendAndLoadLatest/LoadLatest_limit3
=== RUN   TestMessageStore_AppendAndLoadLatest/LoadLatest_limit0_返回全部
=== RUN   TestMessageStore_AppendAndLoadLatest/LoadLatest_limit100_返回全部
=== RUN   TestMessageStore_AppendAndLoadLatest/LoadLatest_不存在的对话
--- PASS: TestMessageStore_AppendAndLoadLatest (0.01s)
    --- PASS: TestMessageStore_AppendAndLoadLatest/LoadLatest_limit3 (0.00s)
    --- PASS: TestMessageStore_AppendAndLoadLatest/LoadLatest_limit0_返回全部 (0.00s)
    --- PASS: TestMessageStore_AppendAndLoadLatest/LoadLatest_limit100_返回全部 (0.00s)
    --- PASS: TestMessageStore_AppendAndLoadLatest/LoadLatest_不存在的对话 (0.00s)
=== RUN   TestMessageStore_LoadBefore
=== RUN   TestMessageStore_LoadBefore/beforeIdx4_limit2_返回idx2_3
=== RUN   TestMessageStore_LoadBefore/beforeIdx0_limit10_返回空
=== RUN   TestMessageStore_LoadBefore/beforeIdx5_limit2_返回idx3_4
=== RUN   TestMessageStore_LoadBefore/beforeIdx3_limit0_默认50_返回idx0_1_2
--- PASS: TestMessageStore_LoadBefore (0.01s)
    --- PASS: TestMessageStore_LoadBefore/beforeIdx4_limit2_返回idx2_3 (0.00s)
    --- PASS: TestMessageStore_LoadBefore/beforeIdx0_limit10_返回空 (0.00s)
    --- PASS: TestMessageStore_LoadBefore/beforeIdx5_limit2_返回idx3_4 (0.00s)
    --- PASS: TestMessageStore_LoadBefore/beforeIdx3_limit0_默认50_返回idx0_1_2 (0.00s)
=== RUN   TestMessageStore_LoadAll
--- PASS: TestMessageStore_LoadAll (0.01s)
=== RUN   TestMessageStore_ConcurrentAppend
--- PASS: TestMessageStore_ConcurrentAppend (0.15s)
=== RUN   TestMessageStore_DeleteConversation
--- PASS: TestMessageStore_DeleteConversation (0.02s)
=== RUN   TestMessageStore_ListConversations
--- PASS: TestMessageStore_ListConversations (0.01s)
=== RUN   TestMessageStore_UpdateTitle
--- PASS: TestMessageStore_UpdateTitle (1.01s)
=== RUN   TestMessageStore_SetSummary
--- PASS: TestMessageStore_SetSummary (0.00s)
=== RUN   TestMessageStore_SetCtxStats
--- PASS: TestMessageStore_SetCtxStats (0.00s)
=== RUN   TestMessageStore_MigrateFromLegacy
=== RUN   TestMessageStore_MigrateFromLegacy/对话存在且标题正确
=== RUN   TestMessageStore_MigrateFromLegacy/消息来自history_cache
=== RUN   TestMessageStore_MigrateFromLegacy/摘要字段正确
=== RUN   TestMessageStore_MigrateFromLegacy/CtxStats正确
=== RUN   TestMessageStore_MigrateFromLegacy/旧文件重命名为bak
=== RUN   TestMessageStore_MigrateFromLegacy/再次迁移应跳过已迁移的对话
--- PASS: TestMessageStore_MigrateFromLegacy (0.03s)
    --- PASS: TestMessageStore_MigrateFromLegacy/对话存在且标题正确 (0.00s)
    --- PASS: TestMessageStore_MigrateFromLegacy/消息来自history_cache (0.00s)
    --- PASS: TestMessageStore_MigrateFromLegacy/摘要字段正确 (0.00s)
    --- PASS: TestMessageStore_MigrateFromLegacy/CtxStats正确 (0.00s)
    --- PASS: TestMessageStore_MigrateFromLegacy/旧文件重命名为bak (0.00s)
    --- PASS: TestMessageStore_MigrateFromLegacy/再次迁移应跳过已迁移的对话 (0.00s)
=== RUN   TestMessageStore_MigrateFromLegacy_NoHistoryCache
--- PASS: TestMessageStore_MigrateFromLegacy_NoHistoryCache (0.01s)
=== RUN   TestCSVRead
    officetools_test.go:29: csv_read: 读取文件失败: open test.csv: The system cannot find the file specified.
--- FAIL: TestCSVRead (0.00s)
=== RUN   TestCSVWrite
    officetools_test.go:108: csv_write 内容 = ""
    officetools_test.go:118: csv_write 表头 = ""
    officetools_test.go:128: csv_write TSV = ""
    officetools_test.go:140: csv_write 路径穿越应被拒
--- FAIL: TestCSVWrite (0.00s)
=== RUN   TestJSONToTable
--- PASS: TestJSONToTable (0.00s)
=== RUN   TestTableStats
    officetools_test.go:238: table_stats file: 读取文件失败: open data.csv: The system cannot find the file specified.
--- FAIL: TestTableStats (0.00s)
=== RUN   TestTextReport
--- PASS: TestTextReport (0.01s)
=== RUN   TestWordWriteAndRead
    officetools_test.go:336: 生成的 docx 不是有效 ZIP: open C:\Users\sqmen\AppData\Local\Temp\TestWordWriteAndRead942283888\001\test.docx: The system cannot find the file specified.
--- FAIL: TestWordWriteAndRead (0.00s)
=== RUN   TestXLSXWriteAndRead
    officetools_test.go:396: 生成的 xlsx 不是有效 ZIP: open C:\Users\sqmen\AppData\Local\Temp\TestXLSXWriteAndRead637055256\001\test.xlsx: The system cannot find the file specified.
--- FAIL: TestXLSXWriteAndRead (0.00s)
=== RUN   TestPDFRead
    officetools_test.go:473: read_pdf: 读取文件失败: open test.pdf: The system cannot find the file specified.
--- FAIL: TestPDFRead (0.00s)
=== RUN   TestMarkdownToHTML
=== RUN   TestMarkdownToHTML/标题
=== RUN   TestMarkdownToHTML/粗体斜体
=== RUN   TestMarkdownToHTML/代码
=== RUN   TestMarkdownToHTML/代码块
=== RUN   TestMarkdownToHTML/链接
=== RUN   TestMarkdownToHTML/图片
=== RUN   TestMarkdownToHTML/引用
=== RUN   TestMarkdownToHTML/无序列表
=== RUN   TestMarkdownToHTML/表格
=== RUN   TestMarkdownToHTML/水平线
--- PASS: TestMarkdownToHTML (0.00s)
    --- PASS: TestMarkdownToHTML/标题 (0.00s)
    --- PASS: TestMarkdownToHTML/粗体斜体 (0.00s)
    --- PASS: TestMarkdownToHTML/代码 (0.00s)
    --- PASS: TestMarkdownToHTML/代码块 (0.00s)
    --- PASS: TestMarkdownToHTML/链接 (0.00s)
    --- PASS: TestMarkdownToHTML/图片 (0.00s)
    --- PASS: TestMarkdownToHTML/引用 (0.00s)
    --- PASS: TestMarkdownToHTML/无序列表 (0.00s)
    --- PASS: TestMarkdownToHTML/表格 (0.00s)
    --- PASS: TestMarkdownToHTML/水平线 (0.00s)
=== RUN   TestCSVDelim
--- PASS: TestCSVDelim (0.00s)
=== RUN   TestPadRight
--- PASS: TestPadRight (0.00s)
=== RUN   TestParseColIndex
--- PASS: TestParseColIndex (0.00s)
=== RUN   TestParseMarkdownTable
--- PASS: TestParseMarkdownTable (0.00s)
=== RUN   TestEscapeXML
--- PASS: TestEscapeXML (0.00s)
=== RUN   TestWriteMarkdownTable
--- PASS: TestWriteMarkdownTable (0.00s)
=== RUN   TestPlannerPlan
--- PASS: TestPlannerPlan (0.00s)
=== RUN   TestPlannerFallback
--- PASS: TestPlannerFallback (0.00s)
=== RUN   TestPlannerEmptySteps
--- PASS: TestPlannerEmptySteps (0.00s)
=== RUN   TestRoleCustomPrompt
--- PASS: TestRoleCustomPrompt (0.00s)
=== RUN   TestReviewerApprove
--- PASS: TestReviewerApprove (0.00s)
=== RUN   TestReviewerReject
--- PASS: TestReviewerReject (0.00s)
=== RUN   TestReviewerCriticalFile
--- PASS: TestReviewerCriticalFile (0.00s)
=== RUN   TestParseVerdictFallback
--- PASS: TestParseVerdictFallback (0.00s)
=== RUN   TestNeedsReview
--- PASS: TestNeedsReview (0.00s)
=== RUN   TestUpdatePlan
    plan_test.go:15: update_plan 未注册
--- FAIL: TestUpdatePlan (0.00s)
=== RUN   TestProjectInfoTools
--- PASS: TestProjectInfoTools (0.01s)
=== RUN   TestProjectKnowledgeInjection
--- PASS: TestProjectKnowledgeInjection (0.01s)
=== RUN   TestRegistryHooks_BeforeShortCircuit
--- PASS: TestRegistryHooks_BeforeShortCircuit (0.00s)
=== RUN   TestRegistryHooks_BeforeProceed
--- PASS: TestRegistryHooks_BeforeProceed (0.00s)
=== RUN   TestRegistryHooks_AfterObserved
--- PASS: TestRegistryHooks_AfterObserved (0.00s)
=== RUN   TestRegistryHooks_OnToolErrorEnhance
--- PASS: TestRegistryHooks_OnToolErrorEnhance (0.00s)
=== RUN   TestRegistryHooks_OnToolErrorSwallow
--- PASS: TestRegistryHooks_OnToolErrorSwallow (0.00s)
=== RUN   TestRegistryHooks_AfterOnError
--- PASS: TestRegistryHooks_AfterOnError (0.00s)
=== RUN   TestCaptureDesktop
    screenshot_quick_test.go:28: 桌面截图结果:
        ✅ 截图已保存
          路径: F:\syproject\gou-ide\screenshots\test_desktop.png
          尺寸: 3584x1152
          时间: 2026-07-18 16:32:25
    screenshot_quick_test.go:175:   已清理: test_desktop.png
--- PASS: TestCaptureDesktop (0.57s)
=== RUN   TestCaptureArea
    screenshot_quick_test.go:56: 区域截图结果:
        ✅ 截图已保存
          路径: F:\syproject\gou-ide\screenshots\test_area.png
          尺寸: 1434x461
          时间: 2026-07-18 16:32:25
    screenshot_quick_test.go:175:   已清理: test_area.png
--- PASS: TestCaptureArea (0.04s)
=== RUN   TestCaptureRect
    screenshot_quick_test.go:81: ✅ captureRect 正常: 100x100, Pix=40000 字节
--- PASS: TestCaptureRect (0.00s)
=== RUN   TestParseCoord
--- PASS: TestParseCoord (0.00s)
=== RUN   TestExtractHost
--- PASS: TestExtractHost (0.00s)
=== RUN   TestEnumWindowsVisible
    screenshot_quick_test.go:140:   窗口: HWND=0x10692 标题="uTools"
    screenshot_quick_test.go:140:   窗口: HWND=0xC0B10 标题="testide 和 3 个其他选项卡 - 文件资源管理器"
    screenshot_quick_test.go:140:   窗口: HWND=0x1AA083A 标题="伴随式 CodeAgent"
    screenshot_quick_test.go:142: ✅ 共 27 个可见窗口
--- PASS: TestEnumWindowsVisible (0.00s)
=== RUN   TestScreenshotToolsRegistered
--- PASS: TestScreenshotToolsRegistered (0.00s)
=== RUN   TestSearchContent
    search_test.go:50: path 限定错误:
        （未找到匹配）
--- FAIL: TestSearchContent (0.01s)
=== RUN   TestSearchContentSkipsBinaryAndIgnoredDirs
--- PASS: TestSearchContentSkipsBinaryAndIgnoredDirs (0.01s)
=== RUN   TestSearchFiles
--- PASS: TestSearchFiles (0.01s)
=== RUN   TestRunBackground
--- PASS: TestRunBackground (0.04s)
=== RUN   TestReadOutputUnknown
--- PASS: TestReadOutputUnknown (0.00s)
=== RUN   TestParseFrontmatter_WithQuotedValues
--- PASS: TestParseFrontmatter_WithQuotedValues (0.00s)
=== RUN   TestParseFrontmatter_NoFrontmatter
--- PASS: TestParseFrontmatter_NoFrontmatter (0.00s)
=== RUN   TestLoadSkillsFromDir_DirStyle
--- PASS: TestLoadSkillsFromDir_DirStyle (0.00s)
=== RUN   TestLoadSkillsFromDir_NameFallbackToDirName
--- PASS: TestLoadSkillsFromDir_NameFallbackToDirName (0.00s)
=== RUN   TestLoadSkillsFromDir_FlatStyle
--- PASS: TestLoadSkillsFromDir_FlatStyle (0.00s)
=== RUN   TestLoadAllSkills_EnabledFilter
--- PASS: TestLoadAllSkills_EnabledFilter (0.01s)
=== RUN   TestLoadSkillResource_Valid
--- PASS: TestLoadSkillResource_Valid (0.01s)
=== RUN   TestLoadSkillResource_PathTraversalRejected
--- PASS: TestLoadSkillResource_PathTraversalRejected (0.00s)
=== RUN   TestLoadSkillResource_SizeLimit
--- PASS: TestLoadSkillResource_SizeLimit (0.01s)
=== RUN   TestPromptSkills
--- PASS: TestPromptSkills (0.00s)
=== RUN   TestFindSkill
--- PASS: TestFindSkill (0.00s)
=== RUN   TestWriteAndDeleteSkill
--- PASS: TestWriteAndDeleteSkill (0.01s)
=== RUN   TestActiveSkills_Always
--- PASS: TestActiveSkills_Always (0.00s)
=== RUN   TestActiveSkills_AutoByKeyword
--- PASS: TestActiveSkills_AutoByKeyword (0.00s)
=== RUN   TestActiveSkills_AutoByGlobs
--- PASS: TestActiveSkills_AutoByGlobs (0.00s)
=== RUN   TestActiveSkills_ManualNotAuto
--- PASS: TestActiveSkills_ManualNotAuto (0.00s)
=== RUN   TestActiveSkills_DefaultAuto
--- PASS: TestActiveSkills_DefaultAuto (0.00s)
=== RUN   TestSkillBodyWithTools
--- PASS: TestSkillBodyWithTools (0.00s)
=== RUN   TestCaptureShape
--- PASS: TestCaptureShape (0.00s)
=== RUN   TestCompareShape_NoChange
--- PASS: TestCompareShape_NoChange (0.00s)
=== RUN   TestCompareShape_SystemChange
--- PASS: TestCompareShape_SystemChange (0.00s)
=== RUN   TestCompareShape_ToolsChange
--- PASS: TestCompareShape_ToolsChange (0.00s)
=== RUN   TestSessionCache
--- PASS: TestSessionCache (0.00s)
=== RUN   TestBatchStormSignature_AllFailed
--- PASS: TestBatchStormSignature_AllFailed (0.00s)
=== RUN   TestBatchStormSignature_SomeBlocked
--- PASS: TestBatchStormSignature_SomeBlocked (0.00s)
=== RUN   TestBatchStormSignature_SomeSuccess
--- PASS: TestBatchStormSignature_SomeSuccess (0.00s)
=== RUN   TestApplyStormBreaker
--- PASS: TestApplyStormBreaker (0.00s)
=== RUN   TestApplyStormBreaker_ResetsOnSuccess
--- PASS: TestApplyStormBreaker_ResetsOnSuccess (0.00s)
=== RUN   TestRepeatSuccessGuard_ReadOnly
--- PASS: TestRepeatSuccessGuard_ReadOnly (0.00s)
=== RUN   TestRepeatSuccessGuard_BlocksAfterThreshold
--- PASS: TestRepeatSuccessGuard_BlocksAfterThreshold (0.00s)
=== RUN   TestRepeatSuccessGuard_DifferentArgs
--- PASS: TestRepeatSuccessGuard_DifferentArgs (0.00s)
=== RUN   TestRepeatSuccessGuard_Reset
--- PASS: TestRepeatSuccessGuard_Reset (0.00s)
=== RUN   TestTruncateToolOutput_UnderLimit
--- PASS: TestTruncateToolOutput_UnderLimit (0.00s)
=== RUN   TestTruncateToolOutput_OverLimit
--- PASS: TestTruncateToolOutput_OverLimit (0.00s)
=== RUN   TestEvidenceLedger
--- PASS: TestEvidenceLedger (0.00s)
=== RUN   TestCheckFinalReadiness_NoTodos
--- PASS: TestCheckFinalReadiness_NoTodos (0.00s)
=== RUN   TestCheckFinalReadiness_AllComplete
--- PASS: TestCheckFinalReadiness_AllComplete (0.00s)
=== RUN   TestCheckFinalReadiness_SomeIncomplete
--- PASS: TestCheckFinalReadiness_SomeIncomplete (0.00s)
=== RUN   TestParseSSE_StreamInterrupted
--- PASS: TestParseSSE_StreamInterrupted (0.00s)
=== RUN   TestParseSSE_FullStream
--- PASS: TestParseSSE_FullStream (0.00s)
=== RUN   TestCanonicalToolArgs
--- PASS: TestCanonicalToolArgs (0.00s)
=== RUN   TestCanonicalToolArgs_InvalidJSON
--- PASS: TestCanonicalToolArgs_InvalidJSON (0.00s)
=== RUN   TestSerialSubAgent_EventFiltering
--- PASS: TestSerialSubAgent_EventFiltering (0.00s)
=== RUN   TestSerialSubAgent_MultipleDelegations
    subagent_serial_test.go:128: 应有 2 个子 Agent 工具结果，得 4（events=[{Type:tool_call Content: Tool:delegate_task Args:{"agent_name":"worker","task":"任务1"} CallID:d1 Usage:<nil> AgentName: DoneReason:} {Type:tool_call Content: Tool:finish_task Args:{"result":"结果1"} CallID:f1 Usage:<nil> AgentName:worker DoneReason:} {Type:tool_result Content:Error: 未知工具: finish_task Tool:finish_task Args: CallID:f1 Usage:<nil> AgentName:worker DoneReason:} {Type:tool_call Content: Tool:delegate_task Args:{"agent_name":"worker","task":"任务2"} CallID:d2 Usage:<nil> AgentName:worker DoneReason:} {Type:tool_call Content: Tool:finish_task Args:{"result":"结果2"} CallID:f2 Usage:<nil> AgentName:worker DoneReason:} {Type:tool_result Content:Error: 未知工具: finish_task Tool:finish_task Args: CallID:f2 Usage:<nil> AgentName:worker DoneReason:} {Type:tool_call Content: Tool:finish_task Args:{"result":"全部完成"} CallID:p1 Usage:<nil> AgentName:worker DoneReason:} {Type:tool_result Content:Error: 未知工具: finish_task Tool:finish_task Args: CallID:p1 Usage:<nil> AgentName:worker DoneReason:} {Type:content Content:完成 Tool: Args: CallID: Usage:<nil> AgentName:worker DoneReason:} {Type:tool_result Content:【子 agent(worker)执行结果】
        完成
        
        ---
        请根据以上结果决定下一步：
        1. **立即调用 update_plan 将当前项标记为 done**（无论是否还有剩余项，必须先更新计划状态）
        2. 如果还有剩余计划项，再调用 delegate_task 执行下一项
        3. 如果全部计划项都已是 done 状态，再调用 generate_commit_message 完成收尾 Tool:delegate_task Args: CallID:d2 Usage:<nil> AgentName:worker DoneReason:} {Type:content Content:完成 Tool: Args: CallID: Usage:<nil> AgentName:worker DoneReason:} {Type:tool_result Content:【子 agent(worker)执行结果】
        完成
        
        ---
        请根据以上结果决定下一步：
        1. **立即调用 update_plan 将当前项标记为 done**（无论是否还有剩余项，必须先更新计划状态）
        2. 如果还有剩余计划项，再调用 delegate_task 执行下一项
        3. 如果全部计划项都已是 done 状态，再调用 generate_commit_message 完成收尾 Tool:delegate_task Args: CallID:d1 Usage:<nil> AgentName: DoneReason:} {Type:content Content:完成 Tool: Args: CallID: Usage:<nil> AgentName: DoneReason:} {Type:done Content:完成 Tool: Args: CallID: Usage:<nil> AgentName: DoneReason:task_complete}]）
--- FAIL: TestSerialSubAgent_MultipleDelegations (0.00s)
=== RUN   TestSerialSubAgent_SingleTurn
--- PASS: TestSerialSubAgent_SingleTurn (0.00s)
=== RUN   TestNewAgentTree
--- PASS: TestNewAgentTree (0.00s)
=== RUN   TestAgentTree_Add
--- PASS: TestAgentTree_Add (0.00s)
=== RUN   TestRegistry_Copy
--- PASS: TestRegistry_Copy (0.00s)
=== RUN   TestRegistry_Subset
--- PASS: TestRegistry_Subset (0.00s)
=== RUN   TestFindSymbolRegistered
--- PASS: TestFindSymbolRegistered (0.00s)
=== RUN   TestFindSymbolBasic
--- PASS: TestFindSymbolBasic (0.01s)
=== RUN   TestFindSymbolConstVar
--- PASS: TestFindSymbolConstVar (0.01s)
=== RUN   TestFindSymbolNoMatch
--- PASS: TestFindSymbolNoMatch (0.01s)
=== RUN   TestFindSymbolScopeFile
    symbolfinder_test.go:156: find_symbol (scope=file) 失败: scope 路径不可访问: GetFileAttributesEx mypkg\math.go: The system cannot find the path specified.
--- FAIL: TestFindSymbolScopeFile (0.01s)
=== RUN   TestFindSymbolScopePackage
    symbolfinder_test.go:207: find_symbol (scope=package) 失败: scope 路径不可访问: GetFileAttributesEx otherpkg: The system cannot find the file specified.
--- FAIL: TestFindSymbolScopePackage (0.01s)
=== RUN   TestFindSymbolEmptySymbol
--- PASS: TestFindSymbolEmptySymbol (0.00s)
=== RUN   TestFindSymbolScopeNonGoFile
    symbolfinder_test.go:257: 错误信息应提示不是 Go 源文件，实际: scope 路径不可访问: GetFileAttributesEx data.json: The system cannot find the file specified.
--- FAIL: TestFindSymbolScopeNonGoFile (0.00s)
=== RUN   TestFindSymbolMultipleMatches
--- PASS: TestFindSymbolMultipleMatches (0.01s)
=== RUN   TestFindSymbolInterfaceType
--- PASS: TestFindSymbolInterfaceType (0.01s)
=== RUN   TestFindSymbolSubstring
--- PASS: TestFindSymbolSubstring (0.01s)
=== RUN   TestToolsReadWriteEditList
    tools_test.go:26: 写入内容 = ""
    tools_test.go:40: edit 后 = ""
    tools_test.go:55: list_files = "dup.txt\t5\n"
--- FAIL: TestToolsReadWriteEditList (0.01s)
=== RUN   TestToolsPathTraversalBlocked
--- PASS: TestToolsPathTraversalBlocked (0.00s)
=== RUN   TestToolRunCommand
--- PASS: TestToolRunCommand (0.04s)
=== RUN   TestMoveAndDeleteFile
    tools_test.go:97: move: rename a.txt sub\b.txt: The system cannot find the file specified.
--- FAIL: TestMoveAndDeleteFile (0.00s)
=== RUN   TestReadFileRange
    tools_test.go:128: open f.txt: The system cannot find the file specified.
--- FAIL: TestReadFileRange (0.00s)
=== RUN   TestMultiEdit
    tools_test.go:151: multi_edit: open f.go: The system cannot find the file specified.
--- FAIL: TestMultiEdit (0.00s)
=== RUN   TestRegistryDefinitions
    tools_test.go:197: 默认工具 "find_files_by_pattern" 未注册
    tools_test.go:197: 默认工具 "get_file_symbols" 未注册
    tools_test.go:197: 默认工具 "task_create" 未注册
--- FAIL: TestRegistryDefinitions (0.00s)
=== RUN   TestDefineTool_Schema
--- PASS: TestDefineTool_Schema (0.00s)
=== RUN   TestDefineTool_RequiredValidation
--- PASS: TestDefineTool_RequiredValidation (0.00s)
=== RUN   TestDefineTool_PanicRecovery
--- PASS: TestDefineTool_PanicRecovery (0.00s)
=== RUN   TestDefineTool_NestedStruct
--- PASS: TestDefineTool_NestedStruct (0.00s)
=== RUN   TestDefineTool_BadJSON
--- PASS: TestDefineTool_BadJSON (0.00s)
=== RUN   TestAnalyzeImage
    vision_quick_test.go:15: analyzeImage 失败: 无法打开图片 "..\\..\\..\\1afd3ed5d7bc107f83241f13b15ead0c.jpg": open ..\..\..\1afd3ed5d7bc107f83241f13b15ead0c.jpg: The system cannot find the file specified.
--- FAIL: TestAnalyzeImage (0.00s)
=== RUN   TestAnalyzeImageLowDetail
    vision_quick_test.go:35: analyzeImage (low) 失败: 无法打开图片 "..\\..\\..\\1afd3ed5d7bc107f83241f13b15ead0c.jpg": open ..\..\..\1afd3ed5d7bc107f83241f13b15ead0c.jpg: The system cannot find the file specified.
--- FAIL: TestAnalyzeImageLowDetail (0.00s)
=== RUN   TestAnalyzeImageNonExistent
--- PASS: TestAnalyzeImageNonExistent (0.00s)
=== RUN   TestColorNameFn
--- PASS: TestColorNameFn (0.00s)
=== RUN   TestOcrTextParser
--- PASS: TestOcrTextParser (0.00s)
=== RUN   TestFindTesseractPath
    vision_quick_test.go:106: Tesseract（无 root）: "C:\\Program Files\\Tesseract-OCR\\tesseract.exe"
    vision_quick_test.go:111: 项目根目录: F:\syproject\gou-ide
    vision_quick_test.go:113: Tesseract（项目目录）: "F:\\syproject\\gou-ide\\bin\\tesseract\\tesseract.exe"
--- PASS: TestFindTesseractPath (0.03s)
=== RUN   TestWebFetch
--- PASS: TestWebFetch (0.00s)
=== RUN   TestWebSearch
--- PASS: TestWebSearch (0.00s)
=== RUN   TestWebSearchEmptyQuery
--- PASS: TestWebSearchEmptyQuery (0.00s)
=== RUN   TestSearxngPreferred
--- PASS: TestSearxngPreferred (0.00s)
=== RUN   TestSearxngFallbackToDDG
--- PASS: TestSearxngFallbackToDDG (0.00s)
=== RUN   TestWebFetchRejectsNonHTTP
--- PASS: TestWebFetchRejectsNonHTTP (0.00s)
=== RUN   TestWebFetchRegistered
--- PASS: TestWebFetchRegistered (0.00s)
FAIL
FAIL	github.com/hoonfeng/paircode/internal/agent	3.936s
FAIL
